== deps ==
  ok   tmux
  ok   jq
  ok   git
  ok   /home/jac/.local/bin/cursor-agent
== auth (RUNTIME=cursor) ==
  ok   cursor-agent logged in
== prompts (non-empty?) ==
  ok   worker2 (objects) 3574b
  ok   worker3 (exceptions) 3565b
  ok   worker4 (mech) 3533b
  ok   worker6 (converter) 3551b
  ok   worker7 (typesys) 3547b
  ok   worker8 (census) 3530b
  ok   desk prompt 1622b
== models (RUNTIME=cursor; per-worker MODELS[] override; empty => runtime default) ==
  worker2   composer-2.5
  worker3   composer-2.5
  worker4   composer-2.5
  worker6   composer-2.5
  worker7   composer-2.5
  worker8   composer-2.5
  desk      composer-2.5
== lanes (pending depth) ==
  objects    1 pending
  exceptions 2 pending
  mech       4 pending
  converter  0 pending   <- empty: worker will idle until fed
  typesys    0 pending   <- empty: worker will idle until fed
  census     6 pending
== session name collisions ==
  free worker2
  free worker3
  free worker4
  free worker6
  free worker7
  free worker8
  free desk

PREFLIGHT: GREEN — safe to `./fleet-supervisor.sh start`
== fleet-supervisor start: 6 workers, tick 120s ==
launched desk (desk=IronUnion)
launched worker8 (lane=census)
launched worker4 (lane=mech)
launched worker7 (lane=typesys)
launched worker6 (lane=converter)
launched worker3 (lane=exceptions)
launched worker2 (lane=objects)
lane objects low (1); refilling
lane converter low (0); refilling
lane typesys low (0); refilling
